// Vitest Snapshot v1, https://vitest.dev/guide/snapshot.html

exports[`rollup > basic.js 1`] = `{}`;
